EN rc_servo_controller NULL C:/Modeltech_pe_edu_10.1a/randy_modelsim_work/ethernet_udp_blaster/src/rc_servo_controller.vhd sub00/vhpl04 1374350172
EN webram NULL C:/Modeltech_pe_edu_10.1a/randy_modelsim_work/ethernet_udp_blaster/src/webram.vhd sub00/vhpl10 1374350178
AR user_logic user_logic_arch C:/Modeltech_pe_edu_10.1a/randy_modelsim_work/ethernet_udp_blaster/src/user_logic.vhd sub00/vhpl13 1374350181
AR mydcm behavioral C:/Modeltech_pe_edu_10.1a/randy_modelsim_work/ethernet_udp_blaster/src/mydcm.vhd sub00/vhpl09 1374350177
EN mem NULL C:/Modeltech_pe_edu_10.1a/randy_modelsim_work/ethernet_udp_blaster/src/mem.vhd sub00/vhpl02 1374350170
EN user_logic NULL C:/Modeltech_pe_edu_10.1a/randy_modelsim_work/ethernet_udp_blaster/src/user_logic.vhd sub00/vhpl12 1374350180
EN mydcm NULL C:/Modeltech_pe_edu_10.1a/randy_modelsim_work/ethernet_udp_blaster/src/mydcm.vhd sub00/vhpl08 1374350176
EN led_display NULL C:/Modeltech_pe_edu_10.1a/randy_modelsim_work/ethernet_udp_blaster/src/led_display.vhd sub00/vhpl14 1374350182
PH webphy_package NULL C:/Modeltech_pe_edu_10.1a/randy_modelsim_work/ethernet_udp_blaster/src/WebPHY_package.vhd sub00/vhpl00 1374350168
AR rc_servo_controller rc_servo_controller C:/Modeltech_pe_edu_10.1a/randy_modelsim_work/ethernet_udp_blaster/src/rc_servo_controller.vhd sub00/vhpl05 1374350173
PB webphy_package webphy_package C:/Modeltech_pe_edu_10.1a/randy_modelsim_work/ethernet_udp_blaster/src/WebPHY_package.vhd sub00/vhpl01 1374350169
AR led_display led_display C:/Modeltech_pe_edu_10.1a/randy_modelsim_work/ethernet_udp_blaster/src/led_display.vhd sub00/vhpl15 1374350183
AR mem mem_arch C:/Modeltech_pe_edu_10.1a/randy_modelsim_work/ethernet_udp_blaster/src/mem.vhd sub00/vhpl03 1374350171
AR webram webram_arch C:/Modeltech_pe_edu_10.1a/randy_modelsim_work/ethernet_udp_blaster/src/webram.vhd sub00/vhpl11 1374350179
EN hex_to_quad7seg NULL C:/Modeltech_pe_edu_10.1a/randy_modelsim_work/ethernet_udp_blaster/src/hex_to_quad7seg.vhd sub00/vhpl06 1374350174
AR hex_to_quad7seg hex_to_quad7seg C:/Modeltech_pe_edu_10.1a/randy_modelsim_work/ethernet_udp_blaster/src/hex_to_quad7seg.vhd sub00/vhpl07 1374350175
EN s3_nuhorizons NULL C:/Modeltech_pe_edu_10.1a/randy_modelsim_work/ethernet_udp_blaster/src/s3_nuhorizons.vhd sub00/vhpl16 1374350184
AR s3_nuhorizons s3_nuhorizons_arch C:/Modeltech_pe_edu_10.1a/randy_modelsim_work/ethernet_udp_blaster/src/s3_nuhorizons.vhd sub00/vhpl17 1374350185
