V3 41
FL C:/Modeltech_pe_edu_10.1a/randy_modelsim_work/ethernet_udp_blaster/src/s3_nuhorizons.vhd 2013/05/30.21:19:11 P.49d
EN work/s3_nuhorizons 1374350184 \
      FL C:/Modeltech_pe_edu_10.1a/randy_modelsim_work/ethernet_udp_blaster/src/s3_nuhorizons.vhd \
      PB ieee/std_logic_1164 1354696159 PB ieee/NUMERIC_STD 1354696164 \
      PB ieee/STD_LOGIC_UNSIGNED 1354696162 PB ieee/STD_LOGIC_TEXTIO 1354696163 \
      PB std/TEXTIO 1354696158 LB UNISIM PH unisim/VCOMPONENTS 1354696165 \
      PB work/WebPHY_package 1374350169
AR work/s3_nuhorizons/s3_nuhorizons_arch 1374350185 \
      FL C:/Modeltech_pe_edu_10.1a/randy_modelsim_work/ethernet_udp_blaster/src/s3_nuhorizons.vhd \
      EN work/s3_nuhorizons 1374350184 CP work/mydcm CP WebPHY_DATABUS \
      CP work/webram CP work/user_logic CP work/led_display
FL C:/Modeltech_pe_edu_10.1a/randy_modelsim_work/ethernet_udp_blaster/src/hex_to_quad7seg.vhd 2013/03/11.15:45:22 P.49d
EN work/hex_to_quad7seg 1374350174 \
      FL C:/Modeltech_pe_edu_10.1a/randy_modelsim_work/ethernet_udp_blaster/src/hex_to_quad7seg.vhd \
      PB ieee/std_logic_1164 1354696159 PB ieee/NUMERIC_STD 1354696164 \
      PB ieee/STD_LOGIC_UNSIGNED 1354696162
AR work/hex_to_quad7seg/hex_to_quad7seg 1374350175 \
      FL C:/Modeltech_pe_edu_10.1a/randy_modelsim_work/ethernet_udp_blaster/src/hex_to_quad7seg.vhd \
      EN work/hex_to_quad7seg 1374350174
FL C:/Modeltech_pe_edu_10.1a/randy_modelsim_work/ethernet_udp_blaster/src/led_display.vhd 2009/10/24.21:15:06 P.49d
EN work/led_display 1374350182 \
      FL C:/Modeltech_pe_edu_10.1a/randy_modelsim_work/ethernet_udp_blaster/src/led_display.vhd \
      PB ieee/std_logic_1164 1354696159 PB ieee/NUMERIC_STD 1354696164 \
      PB ieee/STD_LOGIC_UNSIGNED 1354696162
AR work/led_display/led_display 1374350183 \
      FL C:/Modeltech_pe_edu_10.1a/randy_modelsim_work/ethernet_udp_blaster/src/led_display.vhd \
      EN work/led_display 1374350182
FL C:/Modeltech_pe_edu_10.1a/randy_modelsim_work/ethernet_udp_blaster/src/mem.vhd 2009/12/22.17:31:18 P.49d
EN work/mem 1374350170 \
      FL C:/Modeltech_pe_edu_10.1a/randy_modelsim_work/ethernet_udp_blaster/src/mem.vhd \
      PB ieee/std_logic_1164 1354696159 PB ieee/NUMERIC_STD 1354696164
AR work/mem/mem_arch 1374350171 \
      FL C:/Modeltech_pe_edu_10.1a/randy_modelsim_work/ethernet_udp_blaster/src/mem.vhd \
      EN work/mem 1374350170
FL C:/Modeltech_pe_edu_10.1a/randy_modelsim_work/ethernet_udp_blaster/src/mydcm.vhd 2013/07/03.14:40:20 P.49d
EN work/mydcm 1374350176 \
      FL C:/Modeltech_pe_edu_10.1a/randy_modelsim_work/ethernet_udp_blaster/src/mydcm.vhd \
      PB ieee/std_logic_1164 1354696159 PB ieee/NUMERIC_STD 1354696164 LB UNISIM \
      PH unisim/VCOMPONENTS 1354696165
AR work/mydcm/BEHAVIORAL 1374350177 \
      FL C:/Modeltech_pe_edu_10.1a/randy_modelsim_work/ethernet_udp_blaster/src/mydcm.vhd \
      EN work/mydcm 1374350176 CP BUFG CP IBUFG CP DCM
FL C:/Modeltech_pe_edu_10.1a/randy_modelsim_work/ethernet_udp_blaster/src/rc_servo_controller.vhd 2009/11/07.21:51:22 P.49d
EN work/rc_servo_controller 1374350172 \
      FL C:/Modeltech_pe_edu_10.1a/randy_modelsim_work/ethernet_udp_blaster/src/rc_servo_controller.vhd \
      PB ieee/std_logic_1164 1354696159 PB ieee/std_logic_arith 1354696160 \
      PB ieee/STD_LOGIC_UNSIGNED 1354696162
AR work/rc_servo_controller/rc_servo_controller 1374350173 \
      FL C:/Modeltech_pe_edu_10.1a/randy_modelsim_work/ethernet_udp_blaster/src/rc_servo_controller.vhd \
      EN work/rc_servo_controller 1374350172
FL C:/Modeltech_pe_edu_10.1a/randy_modelsim_work/ethernet_udp_blaster/src/user_logic.vhd 2013/05/30.23:11:44 P.49d
EN work/user_logic 1374350180 \
      FL C:/Modeltech_pe_edu_10.1a/randy_modelsim_work/ethernet_udp_blaster/src/user_logic.vhd \
      PB ieee/std_logic_1164 1354696159 PB ieee/NUMERIC_STD 1354696164 \
      PB ieee/STD_LOGIC_UNSIGNED 1354696162 PB ieee/MATH_REAL 1354696165 \
      PB ieee/STD_LOGIC_TEXTIO 1354696163 PB std/TEXTIO 1354696158 \
      PB work/WebPHY_package 1374350169
AR work/user_logic/user_logic_arch 1374350181 \
      FL C:/Modeltech_pe_edu_10.1a/randy_modelsim_work/ethernet_udp_blaster/src/user_logic.vhd \
      EN work/user_logic 1374350180 CP work/mem CP work/rc_servo_controller \
      CP work/hex_to_quad7seg
FL C:/Modeltech_pe_edu_10.1a/randy_modelsim_work/ethernet_udp_blaster/src/WebPHY_package.vhd 2013/03/27.20:27:20 P.49d
PH work/WebPHY_package 1374350168 \
      FL C:/Modeltech_pe_edu_10.1a/randy_modelsim_work/ethernet_udp_blaster/src/WebPHY_package.vhd \
      PB ieee/std_logic_1164 1354696159 PB ieee/NUMERIC_STD 1354696164 \
      PB ieee/STD_LOGIC_UNSIGNED 1354696162 PB ieee/STD_LOGIC_TEXTIO 1354696163 \
      PB std/TEXTIO 1354696158 CD receiver CD phy_10BaseT_rx
PB work/WebPHY_package 1374350169 \
      FL C:/Modeltech_pe_edu_10.1a/randy_modelsim_work/ethernet_udp_blaster/src/WebPHY_package.vhd \
      PH work/WebPHY_package 1374350168
FL C:/Modeltech_pe_edu_10.1a/randy_modelsim_work/ethernet_udp_blaster/src/webram.vhd 2013/07/19.23:05:41 P.49d
EN work/webram 1374350178 \
      FL C:/Modeltech_pe_edu_10.1a/randy_modelsim_work/ethernet_udp_blaster/src/webram.vhd \
      PB ieee/std_logic_1164 1354696159 PB ieee/NUMERIC_STD 1354696164 \
      PB ieee/STD_LOGIC_UNSIGNED 1354696162 PB ieee/MATH_REAL 1354696165
AR work/webram/webram_arch 1374350179 \
      FL C:/Modeltech_pe_edu_10.1a/randy_modelsim_work/ethernet_udp_blaster/src/webram.vhd \
      EN work/webram 1374350178
